2025-06-20 21:34:09 - src.deep_research_orchestrator - INFO - deep_research_orchestrator.py:31 - Using mock API client for testing
2025-06-20 21:34:09 - src.deep_research_orchestrator - INFO - deep_research_orchestrator.py:57 - Starting deep research workflow: Identify regulated activities, entities, and products
2025-06-20 21:34:09 - src.deep_research_orchestrator - INFO - deep_research_orchestrator.py:97 - Fetching documents from RegGenome API...
2025-06-20 21:34:09 - src.deep_research_orchestrator - INFO - deep_research_orchestrator.py:109 - Successfully fetched 2 documents
2025-06-20 21:34:09 - src.deep_research_orchestrator - INFO - deep_research_orchestrator.py:119 - Extracting regulatory information from documents...
2025-06-20 21:34:09 - src.deep_research_orchestrator - INFO - deep_research_orchestrator.py:143 - Extracting entities...
2025-06-20 21:34:09 - src.agents.entity_extraction_agent - INFO - entity_extraction_agent.py:176 - Extracting entities from 2 documents
2025-06-20 21:34:09 - src.agents.entity_extraction_agent - INFO - entity_extraction_agent.py:69 - Extracting entities from document: Investment Advisers Act of 1940 - Section 3(a)(1)
2025-06-20 21:34:09 - src.deep_research_orchestrator - INFO - deep_research_orchestrator.py:162 - Extracting activities...
2025-06-20 21:34:09 - src.agents.activity_extraction_agent - INFO - activity_extraction_agent.py:177 - Extracting activities from 2 documents
2025-06-20 21:34:09 - src.agents.activity_extraction_agent - INFO - activity_extraction_agent.py:72 - Extracting activities from document: Investment Advisers Act of 1940 - Section 3(a)(1)
2025-06-20 21:34:09 - src.deep_research_orchestrator - INFO - deep_research_orchestrator.py:181 - Extracting products...
2025-06-20 21:34:09 - src.agents.product_extraction_agent - INFO - product_extraction_agent.py:176 - Extracting products from 2 documents
2025-06-20 21:34:09 - src.agents.product_extraction_agent - INFO - product_extraction_agent.py:71 - Extracting products from document: Investment Advisers Act of 1940 - Section 3(a)(1)
2025-06-20 21:34:11 - src.agents.product_extraction_agent - INFO - product_extraction_agent.py:91 - Extracted 0 products from document mock_doc_1
2025-06-20 21:34:11 - src.agents.product_extraction_agent - INFO - product_extraction_agent.py:71 - Extracting products from document: UCITS Directive - Definition of UCITS
2025-06-20 21:34:13 - src.agents.entity_extraction_agent - ERROR - entity_extraction_agent.py:93 - Error extracting entities from document mock_doc_1: 1 validation error for RegulatedEntity
parent_entity
  Field required [type=missing, input_value={'entity_id': 'entity_844...'confidence_score': 0.5}, input_type=dict]
    For further information visit https://errors.pydantic.dev/2.9/v/missing
2025-06-20 21:34:13 - src.agents.entity_extraction_agent - INFO - entity_extraction_agent.py:69 - Extracting entities from document: UCITS Directive - Definition of UCITS
2025-06-20 21:34:14 - src.agents.activity_extraction_agent - ERROR - activity_extraction_agent.py:96 - Error extracting activities from document mock_doc_1: 1 validation error for RegulatedActivity
parent_activity
  Field required [type=missing, input_value={'activity_id': 'activity...'confidence_score': 0.5}, input_type=dict]
    For further information visit https://errors.pydantic.dev/2.9/v/missing
2025-06-20 21:34:14 - src.agents.activity_extraction_agent - INFO - activity_extraction_agent.py:72 - Extracting activities from document: UCITS Directive - Definition of UCITS
2025-06-20 21:34:15 - src.agents.product_extraction_agent - ERROR - product_extraction_agent.py:95 - Error extracting products from document mock_doc_2: 1 validation error for RegulatedProduct
parent_product
  Field required [type=missing, input_value={'product_id': 'product_8...'confidence_score': 0.5}, input_type=dict]
    For further information visit https://errors.pydantic.dev/2.9/v/missing
2025-06-20 21:34:15 - src.deep_research_orchestrator - INFO - deep_research_orchestrator.py:191 - Extracted 0 products
2025-06-20 21:34:17 - src.agents.entity_extraction_agent - ERROR - entity_extraction_agent.py:93 - Error extracting entities from document mock_doc_2: 1 validation error for RegulatedEntity
parent_entity
  Field required [type=missing, input_value={'entity_id': 'entity_844...'confidence_score': 0.5}, input_type=dict]
    For further information visit https://errors.pydantic.dev/2.9/v/missing
2025-06-20 21:34:17 - src.deep_research_orchestrator - INFO - deep_research_orchestrator.py:153 - Extracted 0 entities
2025-06-20 21:34:17 - src.agents.activity_extraction_agent - ERROR - activity_extraction_agent.py:96 - Error extracting activities from document mock_doc_2: 1 validation error for RegulatedActivity
parent_activity
  Field required [type=missing, input_value={'activity_id': 'activity...'confidence_score': 0.5}, input_type=dict]
    For further information visit https://errors.pydantic.dev/2.9/v/missing
2025-06-20 21:34:17 - src.deep_research_orchestrator - INFO - deep_research_orchestrator.py:172 - Extracted 0 activities
2025-06-20 21:34:17 - src.deep_research_orchestrator - INFO - deep_research_orchestrator.py:133 - Successfully completed all extractions
2025-06-20 21:34:17 - src.deep_research_orchestrator - INFO - deep_research_orchestrator.py:200 - Assessing document relevance...
2025-06-20 21:34:17 - src.deep_research_orchestrator - INFO - deep_research_orchestrator.py:228 - Assessed relevance for 2 documents
2025-06-20 21:34:17 - src.deep_research_orchestrator - INFO - deep_research_orchestrator.py:237 - Deduplicating taxonomy...
2025-06-20 21:34:17 - src.deep_research_orchestrator - INFO - deep_research_orchestrator.py:296 - Results saved to: regulatory_taxonomy_20250620_213417.json
2025-06-20 21:34:17 - src.deep_research_orchestrator - INFO - deep_research_orchestrator.py:83 - Deep research workflow completed successfully
